// Vitest Snapshot v1, https://vitest.dev/guide/snapshot.html

exports[`built-in typescript 1`] = `
{
  "foo": "bar",
}
`;
