// Vitest Snapshot v1

exports[`load > files 1`] = `5`;

exports[`load 1`] = `
{
  "deep": {
    "foo": "you should get this",
  },
  "defaults": "default",
  "from": "package.json",
  "json": "allo",
  "mjs": "hi",
  "rewrite": "Hi",
  "ts": "hello",
}
`;
